// Jest Snapshot v1, https://goo.gl/fbAQLP

exports[`CsvToRdf basic snapshot test 1`] = `
"<_:School_SCHOOL_001> <dgraph.type> "School" .
<_:School_SCHOOL_001> <School.name> "Lincoln High School" .
<_:Project_PROJ_001> <dgraph.type> "Project" .
<_:Project_PROJ_001> <Project.title> "Math Competition Gear" .
<_:Project_PROJ_001> <Project.school> <_:School_SCHOOL_001> .
<_:School_SCHOOL_002> <dgraph.type> "School" .
<_:School_SCHOOL_002> <School.name> "Roosevelt Elementary" .
<_:Project_PROJ_002> <dgraph.type> "Project" .
<_:Project_PROJ_002> <Project.title> "Science Fair Materials" .
<_:Project_PROJ_002> <Project.school> <_:School_SCHOOL_002> .
"
`;

exports[`CsvToRdf processes CSV file correctly 1`] = `
"<_:School_SCHOOL_001> <dgraph.type> "School" .
<_:School_SCHOOL_001> <School.name> "Lincoln High School" .
<_:Project_PROJ_001> <dgraph.type> "Project" .
<_:Project_PROJ_001> <Project.title> "Math Competition Gear" .
<_:Project_PROJ_001> <Project.school> <_:School_SCHOOL_001> .
<_:School_SCHOOL_002> <dgraph.type> "School" .
<_:School_SCHOOL_002> <School.name> "Roosevelt Elementary" .
<_:Project_PROJ_002> <dgraph.type> "Project" .
<_:Project_PROJ_002> <Project.title> "Science Fair Materials" .
<_:Project_PROJ_002> <Project.school> <_:School_SCHOOL_002> .
"
`;
